replace 
set 
home 
checkpount
near
lightflight

diamond / gold / iron / platium